
> obsidian-orbit@0.0.1 build
> node esbuild.config.mjs production

